// Jest Snapshot v1, https://goo.gl/fbAQLP

exports[`InputText component should render correctly 1`] = `
<input
  className="css-1fq7r63"
/>
`;
