// Jest Snapshot v1, https://goo.gl/fbAQLP

exports[`Error boundary component should render correctly 1`] = `
<div>
  Test Content
</div>
`;
