// Jest Snapshot v1, https://goo.gl/fbAQLP

exports[`GlobalStyles component should render correctly 1`] = `null`;
