// Jest Snapshot v1, https://goo.gl/fbAQLP

exports[`Default Template should render 1`] = `
<main>
  Test
</main>
`;
